ID,Heading,Chart,Subchart,Title,Detail,sort,subsort,Active
1,Demographics                                      ,Chart A                                           ,,Total Population 2004                                                                                                                                 ,,,,
2,Demographics                                      ,Chart B                                           ,,Persons under 18 2004-2000                                                                                                                            ,,,,
3,Demographics                                      ,Chart B                                           ,,Persons under 5 2004-2000                                                                                                                             ,,,,
4,Demographics                                      ,Chart B                                           ,,Persons 5-9 2000                                                                                                                                      ,,,,
5,Demographics                                      ,Chart B                                           ,,Persons 10-14 2000                                                                                                                                    ,,,,
6,Demographics                                      ,Chart B                                           ,,Poverty rate for children 18 and under 19 (%) 2001-2000                                                                                               ,,,,
7,Demographics                                      ,Chart B                                           ,,Percent of related children under age 18 in poverty 2001-2000                                                                                         ,,,,
8,Demographics                                      ,Chart C                                           ,,White children under 18, 2000                                                                                                                         ,,,,
9,Demographics                                      ,Chart C                                           ,,Black children under 18, 2000                                                                                                                         ,,,,
10,Demographics                                      ,Chart C                                           ,,Asian/Pacific Islander children under 18, 2000                                                                                                        ,,,,
11,Demographics                                      ,Chart C                                           ,,American Indian/Alaska Native children under 18, 2000                                                                                                 ,,,,
12,Demographics                                      ,Chart C                                           ,,Other Race children under 18, 2000                                                                                                                    ,,,,
13,Demographics                                      ,Chart C                                           ,,More than one race children under 18, 2000                                                                                                            ,,,,
14,Demographics                                      ,Chart C                                           ,,Hispanic children under 18, 2000                                                                                                                      ,,,,
15,Oral Health Workforce Variables                   ,Chart A:  Dental Workforce Population and Trends,,Projected # of dentists 2008,,,,
16,Oral Health Workforce Variables,Chart A:  Dental Workforce Population and Trends,,# of licensed dentists 2004-2000,,,,
17,Oral Health Workforce Variables,Chart A:  Dental Workforce Population and Trends,,# of dentists 1999-1998,,,,
18,Oral Health Workforce Variables,Chart A:  Dental Workforce Population and Trends,,dentists/100,000 population 1999-1998,,,,
19,Oral Health Workforce Variables,Chart A:  Dental Workforce Population and Trends,,% change in dentists 1991-98,,,,
20,Oral Health Workforce Variables,Chart A:  Dental Workforce Population and Trends,,% change in population 1991-98,,,,
21,Oral Health Workforce Variables,Chart A:  Dental Workforce Population and Trends,,% change in dentists/100,000 population 1991-98,,,,
22,Oral Health Workforce Variables,Chart B: Dental Workforce Demographics,,% female dentists 1998,,,,
23,Oral Health Workforce Variables,Chart B: Dental Workforce Demographics,,% non-hispanic white dentists 1999,,,,
24,Oral Health Workforce Variables,Chart B: Dental Workforce Demographics,,% black/african-american dentists 1999,,,,
25,Oral Health Workforce Variables,Chart B: Dental Workforce Demographics,,% hispanic/latino(a) dentists 1999,,,,
26,Oral Health Workforce Variables,Chart B: Dental Workforce Demographics,,% asian/pacific islander dentists 1999,,,,
27,Oral Health Workforce Variables,Chart B: Dental Workforce Demographics,,% American Indian/Alaska native dentists 1999,,,,
28,Oral Health Workforce Variables,Chart C: Dental Education,C1,# of dental schools  2004-2000,,,,
29,Oral Health Workforce Variables,Chart C: Dental Education,C1,dental student enrollment 1996-97,,,,
30,Oral Health Workforce Variables,Chart C: Dental Education,C1,dental student enrollment /100,000 population 1996-97,,,,
31,Oral Health Workforce Variables,Chart C: Dental Education,C1,dental graduates 1995-96,,,,
32,Oral Health Workforce Variables,Chart C: Dental Education,C1,dental graduates/100,000 population 1995-96,,,,
33,Oral Health Workforce Variables,Chart C: Dental Education,C2 Dental Education,% female dental graduates 1996-97,,,,
34,Oral Health Workforce Variables,Chart C: Dental Education,C2 Dental Education,% non-hispanic white dental graduates 1996-97,,,,
35,Oral Health Workforce Variables,Chart C: Dental Education,C2 Dental Education,% black/african american dental graduates 1996-97,,,,
36,Oral Health Workforce Variables,Chart C: Dental Education,C2 Dental Education,% hispanic/latino dental graduates 1996-97,,,,
37,Oral Health Workforce Variables,Chart C: Dental Education,C2 Dental Education,% asian/pacific islander dental graduates 1996-97,,,,
38,Oral Health Workforce Variables,Chart C: Dental Education,C2 Dental Education,% American Indian/Alaskan native dental graduates 1996-97,,,,
39,Oral Health Workforce Variables,Chart C: Dental Education,C3 Dental Education,% change in dental graduates 1985-86 to 1995-96,,,,
40,Oral Health Workforce Variables,Chart C: Dental Education,C3 Dental Education,change in population 1985-86 to 1995-96,,,,
41,Oral Health Workforce Variables,Chart C: Dental Education,C3 Dental Education,% change in dental graduates/100,000 population 1985-86 to 1995-96,,,,
42,Oral Health Workforce Variables,Chart C: Dental Education,C4-C5 US Dental School Graduates by Ethnic/Race and Gender 2000,# of White Male dental graduates 2000,,,,
43,Oral Health Workforce Variables,Chart C: Dental Education,C4-C5 US Dental School Graduates by Ethnic/Race and Gender 2000,# of White Femal dental graduates 2000,,,,
44,Oral Health Workforce Variables,Chart C: Dental Education,C4-C5 US Dental School Graduates by Ethnic/Race and Gender 2000,Total White Dental Graduates 2000,,,,
45,Oral Health Workforce Variables,Chart C: Dental Education,C4-C5 US Dental School Graduates by Ethnic/Race and Gender 2000,# of Black Male Dental Graduates 2000,,,,
46,Oral Health Workforce Variables,Chart C: Dental Education,C4-C5 US Dental School Graduates by Ethnic/Race and Gender 2000,# of Black Female Dental Graduates 2000,,,,
49,Oral Health Workforce Variables,Chart C: Dental Education,C4-C5 US Dental School Graduates by Ethnic/Race and Gender 2000,Total Black Dental Graduates 2000,,,,
50,Oral Health Workforce Variables,Chart C: Dental Education,C4-C5 US Dental School Graduates by Ethnic/Race and Gender 2000,# of Male Hispanic Dental Graduates 2000,,,,
51,Oral Health Workforce Variables,Chart C: Dental Education,C4-C5 US Dental School Graduates by Ethnic/Race and Gender 2000,# of Female Hispanic Dental Graduates 2000,,,,
52,Oral Health Workforce Variables,Chart C: Dental Education,C4-C5 US Dental School Graduates by Ethnic/Race and Gender 2000,Total Hispanic Dental Graduates 2000,,,,
53,Oral Health Workforce Variables,Chart C: Dental Education,C4-C5 US Dental School Graduates by Ethnic/Race and Gender 2000,# of Male Native American Dental Graduates 2000,,,,
54,Oral Health Workforce Variables,Chart C: Dental Education,C4-C5 US Dental School Graduates by Ethnic/Race and Gender 2000,# of Female Native American Dental Graduates 2000,,,,
55,Oral Health Workforce Variables,Chart C: Dental Education,C4-C5 US Dental School Graduates by Ethnic/Race and Gender 2000,Total Native American Dental Graduates 2000,,,,
56,Oral Health Workforce Variables,Chart C: Dental Education,C4-C5 US Dental School Graduates by Ethnic/Race and Gender 2000,# of Male Asian Dental Graduates 2000,,,,
57,Oral Health Workforce Variables,Chart C: Dental Education,C4-C5 US Dental School Graduates by Ethnic/Race and Gender 2000,# of Female Asian Dental Graduates 2000,,,,
58,Oral Health Workforce Variables,Chart C: Dental Education,C4-C5 US Dental School Graduates by Ethnic/Race and Gender 2000,Total Asian Dental Graduates 2000,,,,
59,Oral Health Workforce Variables,Chart C: Dental Education,C4-C5 US Dental School Graduates by Ethnic/Race and Gender 2000,# of Male Non-specified  Dental Graduates 2000,,,,
60,Oral Health Workforce Variables,Chart C: Dental Education,C4-C5 US Dental School Graduates by Ethnic/Race and Gender 2000,# of Female Non-Specified Dental Graduates 2000,,,,
61,Oral Health Workforce Variables,Chart C: Dental Education,C4-C5 US Dental School Graduates by Ethnic/Race and Gender 2000,Total Non-specified Dental Graduates 2000,,,,
62,Oral Health Workforce Variables,Chart C: Dental Education,C6,# of general practice residencies 12 mo, 2002,,,,
63,Oral Health Workforce Variables,Chart C: Dental Education,C6,# of general practice residencies 24 mo, 2002,,,,
64,Oral Health Workforce Variables,Chart C: Dental Education,C6,# of advanced general dentistry residencies 12 mo, 2002,,,,
66,Oral Health Workforce Variables,Chart C: Dental Education,C6,# of advanced general dentistry residencies 24 mo, 2002,,,,
67,Oral Health Workforce Variables,Chart C: Dental Education,C6,# of pediatric dentistry residencies, 2002,,,,
68,Oral Health Workforce Variables,Chart C: Dental Education,C6,# of dental public health residencies, 2002,,,,
69,Oral Health Workforce Variables,Chart D: Dental Hygiene Workforce,D1,Projected # of dental hygienists 2008,,,,
70,Oral Health Workforce Variables,Chart D: Dental Hygiene Workforce,D1,# of licensed dental hygienists 2004-2000,,,,
71,Oral Health Workforce Variables,Chart D: Dental Hygiene Workforce,D1,# of dental hygienists 1998,,,,
72,Oral Health Workforce Variables,Chart D: Dental Hygiene Workforce,D1,dental hygienists/dentist 1998,,,,
73,Oral Health Workforce Variables,Chart D: Dental Hygiene Workforce,D1,dental hygienists/100,000 population 1998,,,,
74,Oral Health Workforce Variables,Chart D: Dental Hygiene Workforce,D2,# of entry level dental hygiene programs, 2002,,,,
75,Oral Health Workforce Variables,Chart D: Dental Hygiene Workforce,D2,# of degree completion dental hygiene programs, 2002,,,,
76,Oral Health Workforce Variables,Chart D: Dental Hygiene Workforce,D2,# of master of science dental hygiene programs, 2002,,,,
77,Oral Health Workforce Variables,Chart D: Dental Hygiene Workforce,D2,% change in dental hygienist graduates 1985-86 to 1995-96,,,,
78,Oral Health Workforce Variables,Chart D: Dental Hygiene Workforce,D2,% change in population 1985-86 to 1995-96,,,,
79,Oral Health Workforce Variables,Chart D: Dental Hygiene Workforce,D2,% change in dental hygienist graduates/100,000 population 1985-86 to 1995-96,,,,
80,Oral Health Workforce Variables,Chart D: Dental Hygiene Workforce,D3,% female dental hygienists 1999,,,,
81,Oral Health Workforce Variables,Chart D: Dental Hygiene Workforce,D3,% non-hispanic white dental hygienists 1999,,,,
83,Oral Health Workforce Variables,Chart D: Dental Hygiene Workforce,D3,% black/african american dental hygienists 1999%,,,,
84,Oral Health Workforce Variables,Chart D: Dental Hygiene Workforce,D3,hispanic/latino dental hygienists 1999,,,,
85,Oral Health Workforce Variables,Chart D: Dental Hygiene Workforce,D3,% asian/pacific islander dental hygienists 1999,,,,
86,Oral Health Workforce Variables,Chart D: Dental Hygiene Workforce,D3,% American Indian/Alaskan native dental hygienists 1999,,,,
87,Oral Health Workforce Variables,Chart D: Dental Hygiene Workforce,D4,% female dental hygienist graduates 1996-97,,,,
88,Oral Health Workforce Variables,Chart D: Dental Hygiene Workforce,D4,% non-hispanic white dental hygienist graduates 1996-97,,,,
89,Oral Health Workforce Variables,Chart D: Dental Hygiene Workforce,D4,% black/african american dental hygienist graduates 1996-97,,,,
90,Oral Health Workforce Variables,Chart D: Dental Hygiene Workforce,D4,% hispanic/latino dental hygienist graduates 1996-97,,,,
91,Oral Health Workforce Variables,Chart D: Dental Hygiene Workforce,D4,% asian/pacific islander dental hygienist graduates 1996-97,,,,
92,Oral Health Workforce Variables,Chart D: Dental Hygiene Workforce,D4,% American Indian/Alaskan native dental hygienist graduates 1996-97,,,,
93,Oral Health Workforce Variables,Chart E: Dental Assistant Workforce,E1,Projected # of dental assistants 2008,,,,
94,Oral Health Workforce Variables,Chart E: Dental Assistant Workforce,E1,# of dental assistants 1998,,,,
95,Oral Health Workforce Variables,Chart E: Dental Assistant Workforce,E1,dental assistants/dentist 1998,,,,
96,Oral Health Workforce Variables,Chart E: Dental Assistant Workforce,E1,dental assistants/100,000 population 1998,,,,
97,Oral Health Workforce Variables,Chart E: Dental Assistant Workforce,E1,# of dental assistant education programs, 2004-2000,,,,
98,Oral Health Workforce Variables,Chart E: Dental Assistant Workforce,E1,% change in dental assistant graduates 1985-86 to 1995-962,,,,
99,Oral Health Workforce Variables,Chart E: Dental Assistant Workforce,E1,% change in population 1985-86 to 1995-962,,,,
100,Oral Health Workforce Variables,Chart E: Dental Assistant Workforce,E1,% change in dental assistants/100,000 population 1985-86 to 1995-962,,,,
101,Oral Health Workforce Variables,Chart E: Dental Assistant Workforce,E2,% female dental assistants 1998,,,,
102,Oral Health Workforce Variables,Chart E: Dental Assistant Workforce,E2,% non-hispanic white dental assistants 1999,,,,
103,Oral Health Workforce Variables,Chart E: Dental Assistant Workforce,E2,% black/african american dental assistants 1999,,,,
104,Oral Health Workforce Variables,Chart E: Dental Assistant Workforce,E2,% hispanic/latino dental assistants 1999,,,,
105,Oral Health Workforce Variables,Chart E: Dental Assistant Workforce,E2,% asian/pacific islander dental assistants 1999,,,,
106,Oral Health Workforce Variables,Chart E: Dental Assistant Workforce,E2,% American Indian/Alaskan native dental assistants 1999,,,,
107,Oral Health Workforce Variables,Chart E: Dental Assistant Workforce,E3,Dental Assisting National Board requirements for dental assistants, 2001,,,,
108,Oral Health Workforce Variables,Chart F: General Medicine,,# of allopathic medical schools, 2001,,,,
109,Oral Health Workforce Variables,Chart F: General Medicine,,# of osteopathic medical schools, 2001,,,,
110,Oral Health Workforce Variables,Chart F: General Medicine,,# of active osteopathic physicians as of 1/10/01,,,,
111,Oral Health Workforce Variables,Chart F: General Medicine,,# of osteopathic medical school graduates 1998-99,,,,
112,Oral Health Workforce Variables,Chart F: General Medicine,,# of direct patient care pediatricians 1998,,,,
113,Oral Health Workforce Variables,Chart F: General Medicine,,# of general pediatricians in direct patient care 1998,,,,
114,Oral Health Workforce Variables,Chart F: General Medicine,,# of FP/GP in direct patient care 1998,,,,
115,Oral Health Workforce Variables,Chart F: General Medicine,,# of child health/pediatric nurse practitioner active licenses 2000,,,,
116,Oral Health Workforce Variables,Chart F: General Medicine,,# of non federal family physicians in direct patient care 12/31/99,,,,
117,ADHA PRACTICE ACT OVERVIEW CHART OF PERMITTED FUNCTIONS AND SUPERVISION LEVELS BY STATE,,,Permitted functions and supervision levels by state, 2005,,,,
118,ADHA PRACTICE ACT OVERVIEW CHART OF PERMITTED FUNCTIONS AND SUPERVISION LEVELS BY STATE,,,Permitted functions and supervision levels by state, 2001,,,,
119,Insurance Variables,Chart A: Number and percent of children under 19 at or below 200% of poverty by health insurance coverage and state: 2003-2000 (SCHIP allocation formula)(Numbers in thousands. Based on a November 2001 weighting correction.),,Total children under 19
Total children under 19 
,,,,
120,Insurance Variables,Chart A: Number and percent of children under 19 at or below 200% of poverty by health insurance coverage and state: 2003-2000 (SCHIP allocation formula)(Numbers in thousands. Based on a November 2001 weighting correction.),,Total children at or below 200% of poverty,Total, Percent, Covered by insurance (Total/Percent), No insurance coverage (Total/Percent),,,
121,Insurance Variables,Chart B: Health Insurance Coverage Status and Type of Coverage by State for All People: 2003-2000  (Numbers in thousands. Based on a November 2001 weighting correction. Not poverty universe: unrelated individuals under age 15 are included),B1,Total Population,,,,
122,Insurance Variables,Chart B: Health Insurance Coverage Status and Type of Coverage by State for All People: 2003-2000  (Numbers in thousands. Based on a November 2001 weighting correction. Not poverty universe: unrelated individuals under age 15 are included),B1,Total Covered by some type of health insurance during the year,,,,
123,Insurance Variables,Chart B: Health Insurance Coverage Status and Type of Coverage by State for All People: 2003-2000  (Numbers in thousands. Based on a November 2001 weighting correction. Not poverty universe: unrelated individuals under age 15 are included),B2,Total Covered by private health insurance,,,,
126,Insurance Variables,Chart B: Health Insurance Coverage Status and Type of Coverage by State for All People: 2003-2000  (Numbers in thousands. Based on a November 2001 weighting correction. Not poverty universe: unrelated individuals under age 15 are included),B2,Total Covered by government health insurance,,,,
128,Insurance Variables,Chart B: Health Insurance Coverage Status and Type of Coverage by State for All People: 2003-2000  (Numbers in thousands. Based on a November 2001 weighting correction. Not poverty universe: unrelated individuals under age 15 are included),B2,Covered by Medicaid & private insurance,,,,
129,Insurance Variables,Chart B: Health Insurance Coverage Status and Type of Coverage by State for All People: 2003-2000  (Numbers in thousands. Based on a November 2001 weighting correction. Not poverty universe: unrelated individuals under age 15 are included),B2,Total Covered by Medicare,,,,
130,Insurance Variables,Chart B: Health Insurance Coverage Status and Type of Coverage by State for All People: 2003-2000  (Numbers in thousands. Based on a November 2001 weighting correction. Not poverty universe: unrelated individuals under age 15 are included),B2,Also covered by private insurance,,,,
131,Insurance Variables,Chart B: Health Insurance Coverage Status and Type of Coverage by State for All People: 2003-2000  (Numbers in thousands. Based on a November 2001 weighting correction. Not poverty universe: unrelated individuals under age 15 are included),B2,Covered by Medicaid and Medicare,,,,
132,Insurance Variables,Chart B: Health Insurance Coverage Status and Type of Coverage by State for All People: 2003-2000  (Numbers in thousands. Based on a November 2001 weighting correction. Not poverty universe: unrelated individuals under age 15 are included),B2,Also covered by Medicaid,Covered by military related health care,,,
133,Insurance Variables,Chart C: Health Insurance Coverage Status and Type of Coverage by State for Children under 18: 2003-2000  (Numbers in thousands. Based on a November 2001 weighting correction. Not poverty universe: unrelated individuals under age 15 are included),B2,Not covered at any time during the year,,,,
134,Insurance Variables,Chart C: Health Insurance Coverage Status and Type of Coverage by State for Children under 18: 2003-2000  (Numbers in thousands. Based on a November 2001 weighting correction. Not poverty universe: unrelated individuals under age 15 are included),C1,Total Population,,,,
135,Insurance Variables,Chart C: Health Insurance Coverage Status and Type of Coverage by State for Children under 18: 2003-2000  (Numbers in thousands. Based on a November 2001 weighting correction. Not poverty universe: unrelated individuals under age 15 are included),C1,Total Covered by some type of health insurance during the year,,,,
136,Insurance Variables,Chart C: Health Insurance Coverage Status and Type of Coverage by State for Children under 18: 2003-2000  (Numbers in thousands. Based on a November 2001 weighting correction. Not poverty universe: unrelated individuals under age 15 are included),C1,Total Covered by private health insurance,Employment based, Own employment based, Direct Purchase,,,
137,Insurance Variables,Chart C: Health Insurance Coverage Status and Type of Coverage by State for Children under 18: 2003-2000  (Numbers in thousands. Based on a November 2001 weighting correction. Not poverty universe: unrelated individuals under age 15 are included),C2,Total Covered by government health insurance,,,,
138,Insurance Variables,Chart C: Health Insurance Coverage Status and Type of Coverage by State for Children under 18: 2003-2000  (Numbers in thousands. Based on a November 2001 weighting correction. Not poverty universe: unrelated individuals under age 15 are included),C2,Covered by Medicaid,,,,
139,Insurance Variables,Chart C: Health Insurance Coverage Status and Type of Coverage by State for Children under 18: 2003-2000  (Numbers in thousands. Based on a November 2001 weighting correction. Not poverty universe: unrelated individuals under age 15 are included),C2,Covered by Medicaid & private insurance,,,,
140,Insurance Variables,Chart C: Health Insurance Coverage Status and Type of Coverage by State for Children under 18: 2003-2000  (Numbers in thousands. Based on a November 2001 weighting correction. Not poverty universe: unrelated individuals under age 15 are included),C2,Total Covered by Medicare,,,,
141,Insurance Variables,Chart C: Health Insurance Coverage Status and Type of Coverage by State for Children under 18: 2003-2000  (Numbers in thousands. Based on a November 2001 weighting correction. Not poverty universe: unrelated individuals under age 15 are included),C2,Also covered by private insurance,,,,
193,Expenditures,Chart C: Medicaid Expenditure Totals ,,PHCE, Medicaid, 1998 millions of dollars	,,,,
194,Expenditures,Chart C: Medicaid Expenditure Totals ,,Average annual percentage growth in PHCE in Medicaid, 1980-1998,,,,
195,Expenditures,Chart C: Medicaid Expenditure Totals ,,Annual percentage growth in Medicaid PHCE, 1998,,,,
196,Expenditures,Chart C: Medicaid Expenditure Totals ,,PHCE, Medicaid Dental services, 1998 millions of dollars,,,,
197,Expenditures,Chart C: Medicaid Expenditure Totals ,,Percent of Medicaid PCHE spent on dental services 1998,,,,
198,Expenditures,Chart C: Medicaid Expenditure Totals ,,Average annual percentage growth in PHCE spent on dental services by Medicaid 1980-1998,,,,
199,Expenditures,Chart C: Medicaid Expenditure Totals ,,Annual percentage growth in PHCE spent on dental services in Medicaid, 1998,,,,
142,ADHA PRACTICE ACT OVERVIEW CHART OF PERMITTED FUNCTIONS AND SUPERVISION LEVELS BY STATE,Chart C: Health Insurance Coverage Status and Type of Coverage by State for Children under 18: 2003-2000  (Numbers in thousands. Based on a November 2001 weighting correction. Not poverty universe: unrelated individuals under age 15 are included),C2,Covered by Medicaid and Medicare,,,,
143,ADHA PRACTICE ACT OVERVIEW CHART OF PERMITTED FUNCTIONS AND SUPERVISION LEVELS BY STATE,Chart C: Health Insurance Coverage Status and Type of Coverage by State for Children under 18: 2003-2000  (Numbers in thousands. Based on a November 2001 weighting correction. Not poverty universe: unrelated individuals under age 15 are included),C2,Also covered by Medicaid,Covered by military related health care,,,
144,Medicaid SCHIP Variables,Chart A: Eligibility,,Medicaid Eligible Children 2002-2001,,,,
145,Medicaid SCHIP Variables,Chart A: Eligibility,,Medicaid Eligible Children, projected  2001,,,,
146,Medicaid SCHIP Variables,Chart A: Eligibility,,CHIP enrollment, Dec. 2002-2001,,,,
147,Medicaid SCHIP Variables,Chart A: Eligibility,,Number of children ever enrolled during the year (FY 2001),,,,
148,Medicaid SCHIP Variables,Chart B: Financing,,Type of program 2001,,,,
149,Medicaid SCHIP Variables,Chart B: Financing,,CHIP Federal Matching Rate FY2002,,,,
150,Medicaid SCHIP Variables,Chart B: Financing,,Medicaid Federal Matching Rate FY2002,,,,
151,Medicaid SCHIP Variables,Chart B: Financing,,CHIP upper income limit (%FPL) 2001,,,,
152,Medicaid SCHIP Variables,Chart B: Financing,,CHIP Eligibility level (0-1) Dec 2000,,,,
153,Medicaid SCHIP Variables,Chart B: Financing,,CHIP Eligibility level (1-5) Dec 2000,,,,
154,Medicaid SCHIP Variables,Chart B: Financing,,CHIP Eligibility level (6-16)Dec 2000,,,,
155,Medicaid SCHIP Variables,Chart B: Financing,,CHIP Eligibility level (18-19) Dec 2000,,,,
156,Medicaid SCHIP Variables,Chart C: Dentist Participation,,Percent of dentists enrolled in CHIP 2000,,,,
157,Medicaid SCHIP Variables,Chart C: Dentist Participation,,Percent of dentists enrolled in CHIP 2001,,,,
158,Medicaid SCHIP Variables,Chart C: Dentist Participation,,Total number of active dentists 1998,,,,
159,Medicaid SCHIP Variables,Chart C: Dentist Participation,,Percent of dentists participating in the Medicaid dental program 2000,,,,
160,Medicaid SCHIP Variables,Chart C: Dentist Participation,,Percent of dentists participating in the Medicaid dental program 2001,,,,
161,Medicaid SCHIP Variables,Chart C: Dentist Participation,,Number of dentists enrolled in Medicaid 1998,,,,
162,Medicaid SCHIP Variables,Chart C: Dentist Participation,,Percentage of active dentists enrolled in Medicaid 1998,,,,
163,Medicaid SCHIP Variables,Chart D: Dentist Reimbursement,,Number of dentists receiving payment from Medicaid 1998,,,,
164,Medicaid SCHIP Variables,Chart D: Dentist Reimbursement,,Percentage of active dentists receiving payment from Medicaid 1998,,,,
165,Medicaid SCHIP Variables,Chart D: Dentist Reimbursement,,Number of dentists receiving more than $10,000 from Medicaid 1998,,,,
166,Medicaid SCHIP Variables,Chart D: Dentist Reimbursement,,Percentage of active dentists receiving more than $10,000 from Medicaid 1998,,,,
167,Medicaid SCHIP Variables,Chart E: Medicaid Payments,,MEDICAID VENDOR PAYMENTS BY TYPE OF SERVICE FY1998 Total Payments,,,,
168,Medicaid SCHIP Variables,Chart E: Medicaid Payments,,MEDICAID VENDOR PAYMENTS BY TYPE OF SERVICE FY1998 Dental Services,,,,
169,Medicaid SCHIP Variables,Chart F: Medicaid Recipients,,MEDICAID RECIPIENTS BY AGE Total FY1998,,,,
170,Medicaid SCHIP Variables,Chart F: Medicaid Recipients,,MEDICAID RECIPIENTS BY AGE:under 1 FY1998,,,,
171,Medicaid SCHIP Variables,Chart F: Medicaid Recipients,,MEDICAID RECIPIENTS BY AGE:1-5 FY1998,,,,
172,Medicaid SCHIP Variables,Chart F: Medicaid Recipients,,MEDICAID RECIPIENTS BY AGE:6-14 FY1998,,,,
173,Medicaid SCHIP Variables,Chart F: Medicaid Recipients,,MEDICAID RECIPIENTS BY AGE:15-20 FY1998,,,,
174,Medicaid SCHIP Variables,Chart F: Medicaid Recipients,,(add % kids dental visit utilization figures on this chart?),,,,
175,Medicaid SCHIP Variables,Chart G: Summary of 1998 Total Projected Preventive Costs Population 0-21 year olds,,Medical Expense,Urban, Rural,,,
176,Medicaid SCHIP Variables,Chart G: Summary of 1998 Total Projected Preventive Costs Population 0-21 year olds,,Dental Expense,Urban, Rural,,,
180,Medicaid SCHIP Variables,Chart G: Summary of 1998 Total Projected Preventive Costs Population 0-21 year olds,,Total Preventive Cost,Urban, Rural,,,
181,Expenditures,Chart A: Personal Health Care Expenditure All Payers Totals,,Personal health care expenditures (PHCE), 1998 millions of dollars,,,,
182,Expenditures,Chart A: Personal Health Care Expenditure All Payers Totals,,Average annual percentage growth in PHCE total, 1980-1998,,,,
183,Expenditures,Chart A: Personal Health Care Expenditure All Payers Totals,,Annual percentage growth in PHCE, 1998,,,,
184,Expenditures,Chart A: Personal Health Care Expenditure All Payers Totals,,PHCE spent on dental services 1998 millions of dollars,,,,
185,Expenditures,Chart A: Personal Health Care Expenditure All Payers Totals,,Percent of PCHE spent on dental services 1998,,,,
186,Expenditures,Chart A: Personal Health Care Expenditure All Payers Totals,,Average annual percentage growth in PHCE spent on dental services, 1980-1998,,,,
187,Expenditures,Chart A: Personal Health Care Expenditure All Payers Totals,,Annual percentage growth in PHCE spent on dental services, 1998,,,,
188,Expenditures,Chart B: Children’s Medicaid Expenditure Totals ,,Medicaid enrollees by age, FY 1998 Children under 21,,,,
189,Expenditures,Chart B: Children’s Medicaid Expenditure Totals ,,Percent of Medicaid  enrollees under age 21 FY 1998,,,,
190,Expenditures,Chart B: Children’s Medicaid Expenditure Totals ,,Percentage of all Medicaid payments for dental services, children under 21 FY 1998,,,,
191,Expenditures,Chart B: Children’s Medicaid Expenditure Totals ,,Average Medicaid payment per child under 21 for dental services FY 1998,,,,
192,Expenditures,Chart B: Children’s Medicaid Expenditure Totals ,,Percent of Medicaid enrollees under 21 using dental services FY 1998,,,,
200,Expenditures,Chart C: Medicaid Expenditure Totals ,,All Medicaid enrollees, FY 1998,,,,
201,Expenditures,Chart D: Medicaid Dental Service Expenditure Totals,,State Health Care Expenditures, (millions of dollars) FY199927 (benchmark figure),,,,
202,Expenditures,Chart D: Medicaid Dental Service Expenditure Totals,,Medicaid payment rates as a percentage of average regional dental fees for selected procedures, 199941,Periodic oral examination, dental cleaning - child, Metal filling - 2 surfaces, Root canal - treatment, Extraction - single tooth,,,
203,Expenditures,Chart D: Medicaid Dental Service Expenditure Totals,,Of 15 procedures, number for which Medicaid exceeded 2/3 of average regional fees Range of Medicaid rates as % of average regional fees,,,,
204,Expenditures,Chart D: Medicaid Dental Service Expenditure Totals,,Medicaid Expenditures ($ in millions)32 Fiscal 2000,general fund , Federal funds, Other state funds,,,
205,Expenditures,Chart D: Medicaid Dental Service Expenditure Totals,,Total Medicaid expenditures as a percent of total expenditures32 Fiscal 2000,,,,
206,Access and Utilization Variables,Chart A: Number & Percent of individuals eligible for EPSDT 2003- 2000 ,,all, <1, 1-5, 6-14, 15-20 (Categorically needy, Medically needy, Total for each),,,,
207,Access and Utilization Variables,Chart B: Number of EPSDT eligible receiving Any Dental Service dental assessment 2003-2000,,all, <1, 1-5, 6-14, 15-20 (Categorically needy, Medically needy, Total for each),,,,
208,Access and Utilization Variables,Chart C: Total Eligibles Receiving Preventive Dental 2003-2000,,all, <1, 1-5, 6-14, 15-20 (Categorically needy, Medically needy, Total for each),,,,
209,Access and Utilization Variables,Chart D: Total Eligible Receiving Treatment Dental ,,all, <1, 1-5, 6-14, 15-20 (Categorically needy, Medically needy, Total for each),,,,
210,Utilization,Adult,,Percent of population (18+) who visited the dentist or dental clinic in the past year 2002, 1999,,,,
211,Utilization,Adult,,Percent of the population (18+) who had their teeth cleaned by a dentist or dental hygienist within the past year 2002, 1999,,,,
212,Utilization,Adult,,Percent of the population who lost 6 or more teeth due to decay or gum disease 2002, 1999,,,,
213,Utilization,Adult,,Percent of the population 65+ who have lost all of their teeth 2002, 1999,,,,
214,Utilization,Adult,,Percentage of adults who made a dental visit in the preceding year by annual family income 2002, 1999.,Less than $15,000, $15,000-$34,999, $35,000 -$49,999, $ More than $50,000,,,
215,Utilization,Adult,,Medicaid coverage of adult dental care 2000,,,,
216,Utilization,Adult,,Percentage of Medicaid fee for service recipients who made a dental visit in the preceding year, 1995,children, Adults,,,
217,Utilization,States' approaches to increasing dental access 2000,,Increasing rates,,,,
218,Utilization,States' approaches to increasing dental access 2000,,Streamlining administrative procedures,,,,
219,Utilization,States' approaches to increasing dental access 2000,,Forming coalitions,,,,
220,Utilization,States' approaches to increasing dental access 2000,,Educating patients,,,,
221,Utilization,States' approaches to increasing dental access 2000,,Enrolling patients in managed care,,,,
222,Utilization,States' approaches to increasing dental access 2000,,Increasing the capacity/efficiency of safety net providers,,,,
223,Utilization,States' approaches to increasing dental access 2000,,Increasing use of dental hygienists,,,,
224,Utilization,States' approaches to increasing dental access 2000,,Deploying mobile dental units,,,,
225,Utilization,States' approaches to increasing dental access 2000,,Using physicians,,,,
226,Utilization,States' approaches to increasing dental access 2000,,Developing school based programs,,,,
227,Utilization,States' approaches to increasing dental access 2000,,Developing programs with dental schools,,,,
228,Utilization,States' approaches to increasing dental access 2000,,Giving pediatric dental training to general dentists,,,,
229,Utilization,States' approaches to increasing dental access 2000,,Reducing overhead costs,,,,
230,Public Health Safety Net Variables,Chart A,2004-2001,Dental director status 2002,,,,
231,Public Health Safety Net Variables,Chart A,2004-2001,Access to care program ,,,,
232,Public Health Safety Net Variables,Chart A,2004-2001,Dental screening program ,,,,
233,Public Health Safety Net Variables,Chart A,2004-2001,Dental sealants program ,,,,
234,Public Health Safety Net Variables,Chart A,2004-2001,ECC/BBTD prevention program ,,,,
235,Public Health Safety Net Variables,Chart B,2004-2001,Fluoridated community water supplies program ,,,,
236,Public Health Safety Net Variables,Chart B,2004-2001,Fluoride mouthrinse program ,,,,
237,Public Health Safety Net Variables,Chart B,2004-2001,Fluoride supplements (tablets/drops) program 	,,,,
238,Public Health Safety Net Variables,Chart B,2004-2001,Fluoride varnish program ,,,,
239,Public Health Safety Net Variables,Chart B,2004-2001,Mouthguard/injury prevention program ,,,,
240,Public Health Safety Net Variables,Chart B,2004-2001,Needs assessment/oral health surveys program ,,,,
241,Public Health Safety Net Variables,Chart C,2004-2001,Oral health education/promotion program ,,,,
242,Public Health Safety Net Variables,Chart C,2004-2001,Smoke and spit tobacco cessation program ,,,,
243,Public Health Safety Net Variables,Chart C,2004-2001,Percent of people on public water systems receiving fluoridated water ,,,,
244,Public Health Safety Net Variables,Chart C,2004-2001,Percent of people on public water systems receiving fluoridated water ??,,,,
245,Public Health Safety Net Variables,Chart C,2004-2001,Federally qualified health centers, Dec 4, ,,,,
246,Public Health Safety Net Variables,Chart C,2004-2001,Number of rural health clinics,,,,
247,Public Health Safety Net Variables,Chart D,2004-2001,Community-based low-income dental clinics ,,,,
248,Public Health Safety Net Variables,Chart D,2004-2001,School-based or school linked dental clinics ,,,,
249,Public Health Safety Net Variables,Chart D,2004-2001,School-based health centers with an oral health component ,,,,
250,Public Health Safety Net Variables,Chart D,2004-2001,Local health departments with a dental program ,,,,
251,Public Health Safety Net Variables,Chart D,2004-2001,Number of Federally Qualified Health Centers, ,,,,
252,Public Health Safety Net Variables,Chart D,2004-2001,Number of Rural Health Clinics, ,,,,

(242 row(s) affected)

